// Jest Snapshot v1, https://goo.gl/fbAQLP

exports[`Проверка Circle Кружок без текста 1`] = `
<div
  className="content "
>
  <div
    className="text text_type_input text_color_input mb-4 absolute head element"
  />
  <div
    className="circle   default"
  >
    <p
      className="text text_type_circle text_color_input letter"
    />
  </div>
  <p
    className="text text_type_input text_color_input mt-4 absolute index"
  />
  <div
    className="text text_type_input text_color_input mt-4 absolute tail30 element"
  />
</div>
`;

exports[`Проверка Circle Кружок с Changing 1`] = `
<div
  className="content "
>
  <div
    className="text text_type_input text_color_input mb-4 absolute head element"
  />
  <div
    className="circle   changing"
  >
    <p
      className="text text_type_circle text_color_input letter"
    />
  </div>
  <p
    className="text text_type_input text_color_input mt-4 absolute index"
  />
  <div
    className="text text_type_input text_color_input mt-4 absolute tail30 element"
  />
</div>
`;

exports[`Проверка Circle Кружок с Modified 1`] = `
<div
  className="content "
>
  <div
    className="text text_type_input text_color_input mb-4 absolute head element"
  />
  <div
    className="circle   modified"
  >
    <p
      className="text text_type_circle text_color_input letter"
    />
  </div>
  <p
    className="text text_type_input text_color_input mt-4 absolute index"
  />
  <div
    className="text text_type_input text_color_input mt-4 absolute tail30 element"
  />
</div>
`;

exports[`Проверка Circle Кружок с default 1`] = `
<div
  className="content "
>
  <div
    className="text text_type_input text_color_input mb-4 absolute head element"
  />
  <div
    className="circle   default"
  >
    <p
      className="text text_type_circle text_color_input letter"
    />
  </div>
  <p
    className="text text_type_input text_color_input mt-4 absolute index"
  />
  <div
    className="text text_type_input text_color_input mt-4 absolute tail30 element"
  />
</div>
`;

exports[`Проверка Circle Кружок с head 1`] = `
<div
  className="content "
>
  <div
    className="text text_type_input text_color_input mb-4 absolute head string"
  >
    123
  </div>
  <div
    className="circle   default"
  >
    <p
      className="text text_type_circle text_color_input letter"
    />
  </div>
  <p
    className="text text_type_input text_color_input mt-4 absolute index"
  />
  <div
    className="text text_type_input text_color_input mt-4 absolute tail30 element"
  />
</div>
`;

exports[`Проверка Circle Кружок с index 1`] = `
<div
  className="content "
>
  <div
    className="text text_type_input text_color_input mb-4 absolute head element"
  />
  <div
    className="circle   default"
  >
    <p
      className="text text_type_circle text_color_input letter"
    />
  </div>
  <p
    className="text text_type_input text_color_input mt-4 absolute index"
  >
    123
  </p>
  <div
    className="text text_type_input text_color_input mt-4 absolute tail60 element"
  />
</div>
`;

exports[`Проверка Circle Кружок с tail 1`] = `
<div
  className="content "
>
  <div
    className="text text_type_input text_color_input mb-4 absolute head element"
  />
  <div
    className="circle   default"
  >
    <p
      className="text text_type_circle text_color_input letter"
    />
  </div>
  <p
    className="text text_type_input text_color_input mt-4 absolute index"
  />
  <div
    className="text text_type_input text_color_input mt-4 absolute tail30 string"
  >
    123
  </div>
</div>
`;

exports[`Проверка Circle Кружок с пропсом small 1`] = `
<div
  className="content "
>
  <div
    className="text text_type_input text_color_input mb-4 absolute head element"
  />
  <div
    className="circle  small default"
  >
    <p
      className="text text_type_circle text_color_input letter"
    />
  </div>
  <p
    className="text text_type_input text_color_input mt-4 absolute index"
  />
  <div
    className="text text_type_input text_color_input mt-4 absolute tail30 element"
  />
</div>
`;

exports[`Проверка Circle Кружок с реакт эл-том в head 1`] = `
<div
  className="content "
>
  <div
    className="text text_type_input text_color_input mb-4 absolute head element"
  >
    <div
      className="content "
    >
      <div
        className="text text_type_input text_color_input mb-4 absolute head element"
      />
      <div
        className="circle  small default"
      >
        <p
          className="text text_type_circle text_color_input letter"
        />
      </div>
      <p
        className="text text_type_input text_color_input mt-4 absolute index"
      />
      <div
        className="text text_type_input text_color_input mt-4 absolute tail30 element"
      />
    </div>
  </div>
  <div
    className="circle   default"
  >
    <p
      className="text text_type_circle text_color_input letter"
    />
  </div>
  <p
    className="text text_type_input text_color_input mt-4 absolute index"
  />
  <div
    className="text text_type_input text_color_input mt-4 absolute tail30 element"
  />
</div>
`;

exports[`Проверка Circle Кружок с реакт эл-том в tail 1`] = `
<div
  className="content "
>
  <div
    className="text text_type_input text_color_input mb-4 absolute head element"
  />
  <div
    className="circle   default"
  >
    <p
      className="text text_type_circle text_color_input letter"
    />
  </div>
  <p
    className="text text_type_input text_color_input mt-4 absolute index"
  />
  <div
    className="text text_type_input text_color_input mt-4 absolute tail30 element"
  >
    <div
      className="content "
    >
      <div
        className="text text_type_input text_color_input mb-4 absolute head element"
      />
      <div
        className="circle  small default"
      >
        <p
          className="text text_type_circle text_color_input letter"
        />
      </div>
      <p
        className="text text_type_input text_color_input mt-4 absolute index"
      />
      <div
        className="text text_type_input text_color_input mt-4 absolute tail30 element"
      />
    </div>
  </div>
</div>
`;

exports[`Проверка Circle Кружок с текстом 1`] = `
<div
  className="content "
>
  <div
    className="text text_type_input text_color_input mb-4 absolute head element"
  />
  <div
    className="circle   default"
  >
    <p
      className="text text_type_circle text_color_input letter"
    >
      Текст
    </p>
  </div>
  <p
    className="text text_type_input text_color_input mt-4 absolute index"
  />
  <div
    className="text text_type_input text_color_input mt-4 absolute tail30 element"
  />
</div>
`;